<html>
<body>
<pre>
<h1>µVision Build Log</h1>
<h2>Tool Versions:</h2>
IDE-Version: µVision V5.25.2.0
Copyright (C) 2018 ARM Ltd and ARM Germany GmbH. All rights reserved.
License Information: tien thinh chu, obit team, LIC=ZB4EV-P2SVX-DYYV3-A6X66-TR57A-6QXDG
 
Tool Versions:
Toolchain:       MDK-ARM Plus  Version: 5.25.2.0
Toolchain Path:  F:\Cai_Phan_Mem\Keil C ARM\ARM\ARMCC\Bin
C Compiler:      Armcc.exe V5.06 update 6 (build 750)
Assembler:       Armasm.exe V5.06 update 6 (build 750)
Linker/Locator:  ArmLink.exe V5.06 update 6 (build 750)
Library Manager: ArmAr.exe V5.06 update 6 (build 750)
Hex Converter:   FromElf.exe V5.06 update 6 (build 750)
CPU DLL:         SARMCM3.DLL V5.25.2.0
Dialog DLL:      DCM.DLL V1.17.1.0
Target DLL:      Segger\JL2CM3.dll V2.99.29.0
Dialog DLL:      TCM.DLL V1.35.1.0
 
<h2>Project:</h2>
F:\CODE\STM32\Esp8266_Library_Stm32f1\MDK-ARM\Esp8266_Library_Stm32f1.uvprojx
Project File Date:  02/16/2019

<h2>Output:</h2>
*** Using Compiler 'V5.06 update 6 (build 750)', folder: 'F:\Cai_Phan_Mem\Keil C ARM\ARM\ARMCC\Bin'
Build target 'Esp8266_Library_Stm32f1'
compiling main.c...
..\MDK-ARM\ObitString.h(18): warning:  #1-D: last line of file ends without a newline
  #endif
..\MDK-ARM\esp8266.h(57): warning:  #1295-D: Deprecated declaration ESP8266_Restart - give arg types
  void ESP8266_Restart();
..\MDK-ARM\esp8266.h(59): warning:  #1295-D: Deprecated declaration ESP8266_Init - give arg types
  uint8_t ESP8266_Init();
..\MDK-ARM\esp8266.h(73): warning:  #1-D: last line of file ends without a newline
  #endif
../Src/main.c: 4 warnings, 0 errors
linking...
Program Size: Code=5622 RO-data=294 RW-data=28 ZI-data=1604  
FromELF: creating hex file...
"Esp8266_Library_Stm32f1\Esp8266_Library_Stm32f1.axf" - 0 Error(s), 4 Warning(s).

<h2>Software Packages used:</h2>

Package Vendor: ARM
                http://www.keil.com/pack/ARM.CMSIS.5.3.0.pack
                ARM.CMSIS.5.3.0
                CMSIS (Cortex Microcontroller Software Interface Standard)
   * Component: CORE Version: 5.1.1

Package Vendor: Keil
                http://www.keil.com/pack/Keil.STM32F1xx_DFP.2.3.0.pack
                Keil.STM32F1xx_DFP.2.3.0
                STMicroelectronics STM32F1 Series Device Support, Drivers and Examples

<h2>Collection of Component include folders:</h2>
  .\RTE\_Esp8266_Library_Stm32f1
  F:\Cai_Phan_Mem\Keil C ARM\ARM\PACK\ARM\CMSIS\5.3.0\CMSIS\Include
  F:\Cai_Phan_Mem\Keil C ARM\ARM\PACK\Keil\STM32F1xx_DFP\2.3.0\Device\Include

<h2>Collection of Component Files used:</h2>

   * Component: ARM::CMSIS:CORE:5.1.1
Build Time Elapsed:  00:00:02
</pre>
</body>
</html>
